// Jest Snapshot v1, https://goo.gl/fbAQLP

exports[`renders correctly 1`] = `
<div
  style={
    Object {
      "backgroundColor": "gray",
      "color": "white",
      "fontSize": "1.5rem",
      "margin": "2rem 0",
      "padding": "10px",
      "textAlign": "center",
    }
  }
>
  Loading...
</div>
`;
